知识库构建完成:
  文档总数: 43
  类别: ['university_basic', 'subject_eval', 'score_school', 'score_batch']
  缓存大小: 47

测试搜索 '北京的大学':
  [1] 安徽大学 (score: 0.151)
  [2] 上海交通大学 (score: 0.137)
  [3] 北京大学 (score: 0.110)

测试搜索 '计算机专业强校':
  [1] 浙江大学 - 计算机科学与技术 (score: 0.116)
  [2] 安徽大学 - 计算机科学与技术 (score: 0.053)
  [3] 安徽大学 - 计算机科学与技术 (score: 0.038)
