============================= test session starts =============================
platform win32 -- Python 3.12.7, pytest-9.0.3, pluggy-1.6.0 -- D:\Work\python\ana\python.exe
cachedir: .pytest_cache
rootdir: E:\vibecodeing\claude\test
plugins: anyio-4.13.0, langsmith-0.8.9, asyncio-1.4.0, cov-7.1.0
asyncio: mode=Mode.STRICT, debug=False, asyncio_default_fixture_loop_scope=None, asyncio_default_test_loop_scope=function
collecting ... collected 17 items

tests/test_vector_knowledge_base.py::TestVectorDocument::test_create_document PASSED [  5%]
tests/test_vector_knowledge_base.py::TestVectorDocument::test_to_dict_and_from_dict PASSED [ 11%]
tests/test_vector_knowledge_base.py::TestEmbeddingCache::test_cache_set_and_get PASSED [ 17%]
tests/test_vector_knowledge_base.py::TestEmbeddingCache::test_cache_miss PASSED [ 23%]
tests/test_vector_knowledge_base.py::TestEmbeddingCache::test_cache_persistence PASSED [ 29%]
tests/test_vector_knowledge_base.py::TestEmbeddingCache::test_cache_size PASSED [ 35%]
tests/test_vector_knowledge_base.py::TestVectorKnowledgeBase::test_add_and_count PASSED [ 41%]
tests/test_vector_knowledge_base.py::TestVectorKnowledgeBase::test_get_document PASSED [ 47%]
tests/test_vector_knowledge_base.py::TestVectorKnowledgeBase::test_get_document_not_found PASSED [ 52%]
tests/test_vector_knowledge_base.py::TestVectorKnowledgeBase::test_get_documents_by_category PASSED [ 58%]
tests/test_vector_knowledge_base.py::TestVectorKnowledgeBase::test_categories PASSED [ 64%]
tests/test_vector_knowledge_base.py::TestVectorKnowledgeBase::test_embed_all PASSED [ 70%]
tests/test_vector_knowledge_base.py::TestVectorKnowledgeBase::test_semantic_search_basic PASSED [ 76%]
tests/test_vector_knowledge_base.py::TestVectorKnowledgeBase::test_semantic_search_with_category PASSED [ 82%]
tests/test_vector_knowledge_base.py::TestVectorKnowledgeBase::test_semantic_search_empty_query PASSED [ 88%]
tests/test_vector_knowledge_base.py::TestVectorKnowledgeBase::test_save_and_load_index PASSED [ 94%]
tests/test_vector_knowledge_base.py::TestVectorKnowledgeBase::test_clear PASSED [100%]

============================= 17 passed in 0.92s ==============================
