============================= test session starts =============================
platform win32 -- Python 3.12.7, pytest-9.0.3, pluggy-1.6.0 -- D:\Work\python\ana\python.exe
cachedir: .pytest_cache
rootdir: E:\vibecodeing\claude\test
plugins: anyio-4.13.0, langsmith-0.8.9, asyncio-1.4.0, cov-7.1.0
asyncio: mode=Mode.STRICT, debug=False, asyncio_default_fixture_loop_scope=None, asyncio_default_test_loop_scope=function
collecting ... collected 23 items

tests/test_hybrid_search.py::TestFilterCondition::test_create_condition PASSED [  4%]
tests/test_hybrid_search.py::TestStructuredFilter::test_equal_filter PASSED [  8%]
tests/test_hybrid_search.py::TestStructuredFilter::test_in_filter PASSED [ 13%]
tests/test_hybrid_search.py::TestStructuredFilter::test_range_filter PASSED [ 17%]
tests/test_hybrid_search.py::TestStructuredFilter::test_multiple_filters PASSED [ 21%]
tests/test_hybrid_search.py::TestStructuredFilter::test_empty_filters PASSED [ 26%]
tests/test_hybrid_search.py::TestStructuredFilter::test_clear_filters PASSED [ 30%]
tests/test_hybrid_search.py::TestStructuredFilter::test_add_condition_chaining PASSED [ 34%]
tests/test_hybrid_search.py::TestStructuredFilter::test_not_equal_filter PASSED [ 39%]
tests/test_hybrid_search.py::TestQueryExpander::test_expand_with_majors PASSED [ 43%]
tests/test_hybrid_search.py::TestQueryExpander::test_expand_with_city PASSED [ 47%]
tests/test_hybrid_search.py::TestQueryExpander::test_expand_with_score PASSED [ 52%]
tests/test_hybrid_search.py::TestQueryExpander::test_expand_with_school_types PASSED [ 56%]
tests/test_hybrid_search.py::TestQueryExpander::test_expand_with_province PASSED [ 60%]
tests/test_hybrid_search.py::TestQueryExpander::test_expand_province_not_dup_with_city PASSED [ 65%]
tests/test_hybrid_search.py::TestQueryExpander::test_expand_empty_profile PASSED [ 69%]
tests/test_hybrid_search.py::TestQueryExpander::test_expand_combined_profile PASSED [ 73%]
tests/test_hybrid_search.py::TestHybridSearch::test_hybrid_search_no_filters PASSED [ 78%]
tests/test_hybrid_search.py::TestHybridSearch::test_hybrid_search_with_filter PASSED [ 82%]
tests/test_hybrid_search.py::TestHybridSearch::test_hybrid_search_with_range_filter PASSED [ 86%]
tests/test_hybrid_search.py::TestHybridSearch::test_hybrid_search_empty_result PASSED [ 91%]
tests/test_hybrid_search.py::TestHybridSearch::test_hybrid_search_scores PASSED [ 95%]
tests/test_hybrid_search.py::TestHybridSearch::test_hybrid_result_ranking PASSED [100%]

=================================== PASSES ====================================
=========================== short test summary info ===========================
PASSED tests/test_hybrid_search.py::TestFilterCondition::test_create_condition
PASSED tests/test_hybrid_search.py::TestStructuredFilter::test_equal_filter
PASSED tests/test_hybrid_search.py::TestStructuredFilter::test_in_filter
PASSED tests/test_hybrid_search.py::TestStructuredFilter::test_range_filter
PASSED tests/test_hybrid_search.py::TestStructuredFilter::test_multiple_filters
PASSED tests/test_hybrid_search.py::TestStructuredFilter::test_empty_filters
PASSED tests/test_hybrid_search.py::TestStructuredFilter::test_clear_filters
PASSED tests/test_hybrid_search.py::TestStructuredFilter::test_add_condition_chaining
PASSED tests/test_hybrid_search.py::TestStructuredFilter::test_not_equal_filter
PASSED tests/test_hybrid_search.py::TestQueryExpander::test_expand_with_majors
PASSED tests/test_hybrid_search.py::TestQueryExpander::test_expand_with_city
PASSED tests/test_hybrid_search.py::TestQueryExpander::test_expand_with_score
PASSED tests/test_hybrid_search.py::TestQueryExpander::test_expand_with_school_types
PASSED tests/test_hybrid_search.py::TestQueryExpander::test_expand_with_province
PASSED tests/test_hybrid_search.py::TestQueryExpander::test_expand_province_not_dup_with_city
PASSED tests/test_hybrid_search.py::TestQueryExpander::test_expand_empty_profile
PASSED tests/test_hybrid_search.py::TestQueryExpander::test_expand_combined_profile
PASSED tests/test_hybrid_search.py::TestHybridSearch::test_hybrid_search_no_filters
PASSED tests/test_hybrid_search.py::TestHybridSearch::test_hybrid_search_with_filter
PASSED tests/test_hybrid_search.py::TestHybridSearch::test_hybrid_search_with_range_filter
PASSED tests/test_hybrid_search.py::TestHybridSearch::test_hybrid_search_empty_result
PASSED tests/test_hybrid_search.py::TestHybridSearch::test_hybrid_search_scores
PASSED tests/test_hybrid_search.py::TestHybridSearch::test_hybrid_result_ranking
============================= 23 passed in 0.39s ==============================
